ok PRRT_kwDOABCD01EFGH2345
skip PRRT_kwDOIJLM06NOPQ7890 (unknown thread)
reply-fail PRRT_kwDORSTU12VWXZ3456: reply: status 500: {"message":"Server Error"}
resolve-fail PRRT_kwDOabcd07efgh8901: resolve: graphql: Resource not accessible by integration
skip PRRT_kwDOijkl14mnop5678 (already resolved)
applied 1/5; remaining unresolved: 2
